// Vitest Snapshot v1, https://vitest.dev/guide/snapshot.html

exports[`it generates a valid graph 1`] = `
[
  {
    "connections": [
      "id-1",
      "id-2",
      "id-3",
      "id-4",
    ],
    "difficulty": 0,
    "id": "id-0",
    "index": 0,
    "position": [
      0,
      0,
    ],
    "seed": 0,
  },
  {
    "connections": [
      "id-0",
      "id-12",
      "id-5",
      "id-6",
    ],
    "difficulty": 1,
    "id": "id-1",
    "index": 0,
    "position": [
      1,
      0,
    ],
    "seed": 1,
  },
  {
    "connections": [
      "id-0",
      "id-6",
      "id-7",
      "id-8",
    ],
    "difficulty": 1,
    "id": "id-2",
    "index": 1,
    "position": [
      0,
      1,
    ],
    "seed": 2,
  },
  {
    "connections": [
      "id-0",
      "id-8",
      "id-9",
      "id-10",
    ],
    "difficulty": 1,
    "id": "id-3",
    "index": 2,
    "position": [
      -1,
      0,
    ],
    "seed": 3,
  },
  {
    "connections": [
      "id-0",
      "id-10",
      "id-11",
      "id-12",
    ],
    "difficulty": 1,
    "id": "id-4",
    "index": 3,
    "position": [
      0,
      -1,
    ],
    "seed": 4,
  },
  {
    "connections": [
      "id-1",
      "id-24",
      "id-13",
      "id-14",
    ],
    "difficulty": 2,
    "id": "id-5",
    "index": 0,
    "position": [
      2,
      0,
    ],
    "seed": 5,
  },
  {
    "connections": [
      "id-2",
      "id-1",
      "id-14",
      "id-15",
    ],
    "difficulty": 2,
    "id": "id-6",
    "index": 1,
    "position": [
      1.414,
      1.414,
    ],
    "seed": 6,
  },
  {
    "connections": [
      "id-2",
      "id-15",
      "id-16",
      "id-17",
    ],
    "difficulty": 2,
    "id": "id-7",
    "index": 2,
    "position": [
      0,
      2,
    ],
    "seed": 7,
  },
  {
    "connections": [
      "id-3",
      "id-2",
      "id-17",
      "id-18",
    ],
    "difficulty": 2,
    "id": "id-8",
    "index": 3,
    "position": [
      -1.414,
      1.414,
    ],
    "seed": 8,
  },
  {
    "connections": [
      "id-3",
      "id-18",
      "id-19",
      "id-20",
    ],
    "difficulty": 2,
    "id": "id-9",
    "index": 4,
    "position": [
      -2,
      0,
    ],
    "seed": 9,
  },
  {
    "connections": [
      "id-4",
      "id-3",
      "id-20",
      "id-21",
    ],
    "difficulty": 2,
    "id": "id-10",
    "index": 5,
    "position": [
      -1.414,
      -1.414,
    ],
    "seed": 10,
  },
  {
    "connections": [
      "id-4",
      "id-21",
      "id-22",
      "id-23",
    ],
    "difficulty": 2,
    "id": "id-11",
    "index": 6,
    "position": [
      0,
      -2,
    ],
    "seed": 11,
  },
  {
    "connections": [
      "id-1",
      "id-4",
      "id-23",
      "id-24",
    ],
    "difficulty": 2,
    "id": "id-12",
    "index": 7,
    "position": [
      1.414,
      -1.414,
    ],
    "seed": 12,
  },
  {
    "connections": [
      "id-5",
      null,
      null,
      null,
    ],
    "difficulty": 3,
    "id": "id-13",
    "index": 0,
    "position": [
      3,
      0,
    ],
    "seed": 13,
  },
  {
    "connections": [
      "id-6",
      "id-5",
      null,
      null,
    ],
    "difficulty": 3,
    "id": "id-14",
    "index": 1,
    "position": [
      2.598,
      1.5,
    ],
    "seed": 14,
  },
  {
    "connections": [
      "id-7",
      "id-6",
      null,
      null,
    ],
    "difficulty": 3,
    "id": "id-15",
    "index": 2,
    "position": [
      1.5,
      2.598,
    ],
    "seed": 15,
  },
  {
    "connections": [
      "id-7",
      null,
      null,
      null,
    ],
    "difficulty": 3,
    "id": "id-16",
    "index": 3,
    "position": [
      0,
      3,
    ],
    "seed": 16,
  },
  {
    "connections": [
      "id-8",
      "id-7",
      null,
      null,
    ],
    "difficulty": 3,
    "id": "id-17",
    "index": 4,
    "position": [
      -1.5,
      2.598,
    ],
    "seed": 17,
  },
  {
    "connections": [
      "id-9",
      "id-8",
      null,
      null,
    ],
    "difficulty": 3,
    "id": "id-18",
    "index": 5,
    "position": [
      -2.598,
      1.5,
    ],
    "seed": 18,
  },
  {
    "connections": [
      "id-9",
      null,
      null,
      null,
    ],
    "difficulty": 3,
    "id": "id-19",
    "index": 6,
    "position": [
      -3,
      0,
    ],
    "seed": 19,
  },
  {
    "connections": [
      "id-10",
      "id-9",
      null,
      null,
    ],
    "difficulty": 3,
    "id": "id-20",
    "index": 7,
    "position": [
      -2.598,
      -1.5,
    ],
    "seed": 20,
  },
  {
    "connections": [
      "id-11",
      "id-10",
      null,
      null,
    ],
    "difficulty": 3,
    "id": "id-21",
    "index": 8,
    "position": [
      -1.5,
      -2.598,
    ],
    "seed": 21,
  },
  {
    "connections": [
      "id-11",
      null,
      null,
      null,
    ],
    "difficulty": 3,
    "id": "id-22",
    "index": 9,
    "position": [
      0,
      -3,
    ],
    "seed": 22,
  },
  {
    "connections": [
      "id-12",
      "id-11",
      null,
      null,
    ],
    "difficulty": 3,
    "id": "id-23",
    "index": 10,
    "position": [
      1.5,
      -2.598,
    ],
    "seed": 23,
  },
  {
    "connections": [
      "id-5",
      "id-12",
      null,
      null,
    ],
    "difficulty": 3,
    "id": "id-24",
    "index": 11,
    "position": [
      2.598,
      -1.5,
    ],
    "seed": 24,
  },
]
`;
